2026-09-14 20:09:08  watchdog started - checking every 10s
2026-09-14 20:09:08  bot NOT running -> restarting...
2026-09-14 20:09:16  restart OK (PID 10216)
2026-09-14 20:09:26  bot is running (PID 10216)
2026-09-14 20:09:46  bot NOT running -> restarting...
2026-09-14 20:09:55  restart OK (PID 15152)
2026-09-14 20:10:05  bot is running (PID 15152)
2026-09-14 20:13:43  watchdog started - checking every 10s
2026-09-14 20:13:43  bot NOT running -> restarting...
2026-09-14 20:13:51  restart FAILED - will retry in 10s
2026-09-14 20:14:01  bot NOT running -> restarting...
2026-09-14 20:14:09  restart FAILED - will retry in 10s
2026-09-14 20:14:19  bot NOT running -> restarting...
2026-09-14 20:14:27  restart FAILED - will retry in 10s
2026-09-14 20:14:37  bot NOT running -> restarting...
2026-09-14 20:14:45  restart FAILED - will retry in 10s
2026-09-14 20:14:55  bot NOT running -> restarting...
2026-09-14 20:15:03  restart FAILED - will retry in 10s
2026-09-14 20:16:39  watchdog started - checking every 10s
2026-09-14 20:16:39  bot NOT running -> restarting...
2026-09-14 20:16:47  restart FAILED - will retry in 10s
2026-09-14 20:16:57  bot NOT running -> restarting...
2026-09-14 20:17:05  restart FAILED - will retry in 10s
2026-09-14 20:17:15  bot NOT running -> restarting...
2026-09-14 20:17:23  restart FAILED - will retry in 10s
2026-09-14 20:17:33  bot NOT running -> restarting...
2026-09-14 20:17:41  restart FAILED - will retry in 10s
2026-09-14 20:17:51  bot NOT running -> restarting...
2026-09-14 20:18:00  restart FAILED - will retry in 10s
2026-09-14 20:18:10  bot NOT running -> restarting...
2026-09-14 20:18:18  restart FAILED - will retry in 10s
2026-09-14 20:18:28  bot NOT running -> restarting...
2026-09-14 20:18:36  restart FAILED - will retry in 10s
2026-09-14 20:18:46  bot NOT running -> restarting...
2026-09-14 20:18:54  restart FAILED - will retry in 10s
2026-09-14 20:19:04  bot NOT running -> restarting...
2026-09-14 20:19:12  restart FAILED - will retry in 10s
2026-09-14 20:19:22  bot NOT running -> restarting...
2026-09-14 20:19:30  restart FAILED - will retry in 10s
2026-09-14 20:19:40  bot NOT running -> restarting...
2026-09-14 20:19:48  restart FAILED - will retry in 10s
2026-09-14 20:19:58  bot NOT running -> restarting...
2026-09-14 20:20:06  restart FAILED - will retry in 10s
2026-09-14 20:20:16  bot NOT running -> restarting...
2026-09-14 20:20:24  restart FAILED - will retry in 10s
2026-09-14 20:20:34  bot NOT running -> restarting...
2026-09-14 20:20:42  restart FAILED - will retry in 10s
2026-09-14 20:20:52  bot NOT running -> restarting...
2026-09-14 20:21:00  restart FAILED - will retry in 10s
2026-09-14 20:21:10  bot is running (PID 20964)
2026-09-14 20:21:20  bot NOT running -> restarting...
2026-09-14 20:21:28  restart OK (PID 13060)
2026-09-14 20:21:38  bot is running (PID 13060)
2026-09-14 20:25:07  watchdog started - checking every 10s
2026-09-14 20:25:07  bot NOT running -> restarting...
2026-09-14 20:25:15  restart OK (PID 14128)
2026-09-14 20:25:25  bot is running (PID 14128)
2026-09-14 20:33:35  watchdog started - checking every 10s
2026-09-14 20:33:35  bot NOT running -> restarting...
2026-09-14 20:33:43  restart OK (PID 19876)
2026-09-14 20:33:53  bot is running (PID 19876)
2026-09-14 20:49:28  watchdog started - checking every 10s
2026-09-14 20:49:28  bot NOT running -> restarting...
2026-09-14 20:49:36  restart OK (PID 2836)
2026-09-14 20:49:46  bot is running (PID 2836)
